[noSLEEP] Started at Sat Apr 25 08:02:23 AM UTC 2026
[noSLEEP] systemd-inhibit active (PID: 9)
[noSLEEP] loginctl inhibit active (PID: 12)
[noSLEEP] Methods: systemd-inhibit + loginctl + setterm
[noSLEEP] Heartbeat every 30s
[noSLEEP] systemd-inhibit active (PID: 7)
[noSLEEP] loginctl inhibit active (PID: 9)
[noSLEEP] systemd-inhibit active (PID: 13)
[noSLEEP] loginctl inhibit active (PID: 15)
[noSLEEP] systemd-inhibit active (PID: 19)
[noSLEEP] loginctl inhibit active (PID: 21)
[noSLEEP] systemd-inhibit active (PID: 25)
[noSLEEP] loginctl inhibit active (PID: 27)
[noSLEEP] systemd-inhibit active (PID: 31)
[noSLEEP] loginctl inhibit active (PID: 33)
[noSLEEP] systemd-inhibit active (PID: 37)
[noSLEEP] loginctl inhibit active (PID: 39)
[noSLEEP] systemd-inhibit active (PID: 43)
[noSLEEP] loginctl inhibit active (PID: 45)
[noSLEEP] systemd-inhibit active (PID: 49)
[noSLEEP] loginctl inhibit active (PID: 51)
[noSLEEP] systemd-inhibit active (PID: 55)
[noSLEEP] loginctl inhibit active (PID: 57)
[noSLEEP] systemd-inhibit active (PID: 61)
[noSLEEP] loginctl inhibit active (PID: 63)
[noSLEEP] systemd-inhibit active (PID: 67)
[noSLEEP] loginctl inhibit active (PID: 69)
[noSLEEP] systemd-inhibit active (PID: 73)
[noSLEEP] loginctl inhibit active (PID: 75)
[noSLEEP] systemd-inhibit active (PID: 79)
[noSLEEP] loginctl inhibit active (PID: 81)
[noSLEEP] systemd-inhibit active (PID: 85)
[noSLEEP] loginctl inhibit active (PID: 87)
[noSLEEP] systemd-inhibit active (PID: 91)
[noSLEEP] loginctl inhibit active (PID: 93)
[noSLEEP] systemd-inhibit active (PID: 97)
[noSLEEP] loginctl inhibit active (PID: 99)
[noSLEEP] systemd-inhibit active (PID: 103)
[noSLEEP] loginctl inhibit active (PID: 105)
[noSLEEP] systemd-inhibit active (PID: 109)
[noSLEEP] loginctl inhibit active (PID: 111)
[noSLEEP] systemd-inhibit active (PID: 115)
[noSLEEP] loginctl inhibit active (PID: 117)
[noSLEEP] systemd-inhibit active (PID: 121)
[noSLEEP] loginctl inhibit active (PID: 123)
[noSLEEP] systemd-inhibit active (PID: 127)
[noSLEEP] loginctl inhibit active (PID: 129)
[noSLEEP] systemd-inhibit active (PID: 133)
[noSLEEP] loginctl inhibit active (PID: 135)
[noSLEEP] systemd-inhibit active (PID: 139)
[noSLEEP] loginctl inhibit active (PID: 141)
[noSLEEP] systemd-inhibit active (PID: 145)
[noSLEEP] loginctl inhibit active (PID: 147)
[noSLEEP] systemd-inhibit active (PID: 151)
[noSLEEP] loginctl inhibit active (PID: 153)
[noSLEEP] systemd-inhibit active (PID: 157)
[noSLEEP] loginctl inhibit active (PID: 159)
[noSLEEP] systemd-inhibit active (PID: 163)
[noSLEEP] loginctl inhibit active (PID: 165)
[noSLEEP] systemd-inhibit active (PID: 169)
[noSLEEP] loginctl inhibit active (PID: 171)
[noSLEEP] systemd-inhibit active (PID: 175)
[noSLEEP] loginctl inhibit active (PID: 177)
[noSLEEP] systemd-inhibit active (PID: 181)
[noSLEEP] loginctl inhibit active (PID: 183)
[noSLEEP] systemd-inhibit active (PID: 187)
[noSLEEP] loginctl inhibit active (PID: 189)
[noSLEEP] systemd-inhibit active (PID: 193)
[noSLEEP] loginctl inhibit active (PID: 195)
[noSLEEP] systemd-inhibit active (PID: 199)
[noSLEEP] loginctl inhibit active (PID: 201)
[noSLEEP] systemd-inhibit active (PID: 205)
[noSLEEP] loginctl inhibit active (PID: 207)
[noSLEEP] systemd-inhibit active (PID: 211)
[noSLEEP] loginctl inhibit active (PID: 213)
[noSLEEP] systemd-inhibit active (PID: 217)
[noSLEEP] loginctl inhibit active (PID: 219)
[noSLEEP] systemd-inhibit active (PID: 223)
[noSLEEP] loginctl inhibit active (PID: 225)
[noSLEEP] systemd-inhibit active (PID: 229)
[noSLEEP] loginctl inhibit active (PID: 231)
[noSLEEP] systemd-inhibit active (PID: 235)
[noSLEEP] loginctl inhibit active (PID: 237)
[noSLEEP] systemd-inhibit active (PID: 241)
[noSLEEP] loginctl inhibit active (PID: 243)
[noSLEEP] systemd-inhibit active (PID: 247)
[noSLEEP] loginctl inhibit active (PID: 249)
[noSLEEP] systemd-inhibit active (PID: 253)
[noSLEEP] loginctl inhibit active (PID: 255)
[noSLEEP] systemd-inhibit active (PID: 259)
[noSLEEP] loginctl inhibit active (PID: 261)
[noSLEEP] systemd-inhibit active (PID: 265)
[noSLEEP] loginctl inhibit active (PID: 267)
[noSLEEP] systemd-inhibit active (PID: 271)
[noSLEEP] loginctl inhibit active (PID: 273)
[noSLEEP] systemd-inhibit active (PID: 277)
[noSLEEP] loginctl inhibit active (PID: 279)
[noSLEEP] systemd-inhibit active (PID: 283)
[noSLEEP] loginctl inhibit active (PID: 285)
[noSLEEP] systemd-inhibit active (PID: 289)
[noSLEEP] loginctl inhibit active (PID: 291)
[noSLEEP] systemd-inhibit active (PID: 295)
[noSLEEP] loginctl inhibit active (PID: 297)
[noSLEEP] systemd-inhibit active (PID: 301)
[noSLEEP] loginctl inhibit active (PID: 303)
[noSLEEP] systemd-inhibit active (PID: 307)
[noSLEEP] loginctl inhibit active (PID: 309)
[noSLEEP] systemd-inhibit active (PID: 313)
[noSLEEP] loginctl inhibit active (PID: 315)
[noSLEEP] systemd-inhibit active (PID: 319)
[noSLEEP] loginctl inhibit active (PID: 321)
[noSLEEP] systemd-inhibit active (PID: 325)
[noSLEEP] loginctl inhibit active (PID: 327)
[noSLEEP] systemd-inhibit active (PID: 331)
[noSLEEP] loginctl inhibit active (PID: 333)
[noSLEEP] systemd-inhibit active (PID: 337)
[noSLEEP] loginctl inhibit active (PID: 339)
[noSLEEP] systemd-inhibit active (PID: 343)
[noSLEEP] loginctl inhibit active (PID: 345)
[noSLEEP] systemd-inhibit active (PID: 349)
[noSLEEP] loginctl inhibit active (PID: 351)
[noSLEEP] systemd-inhibit active (PID: 355)
[noSLEEP] loginctl inhibit active (PID: 357)
[noSLEEP] systemd-inhibit active (PID: 361)
[noSLEEP] loginctl inhibit active (PID: 363)
[noSLEEP] systemd-inhibit active (PID: 367)
[noSLEEP] loginctl inhibit active (PID: 369)
[noSLEEP] systemd-inhibit active (PID: 373)
[noSLEEP] loginctl inhibit active (PID: 375)
[noSLEEP] systemd-inhibit active (PID: 379)
[noSLEEP] loginctl inhibit active (PID: 381)
[noSLEEP] systemd-inhibit active (PID: 385)
[noSLEEP] loginctl inhibit active (PID: 387)
[noSLEEP] systemd-inhibit active (PID: 391)
[noSLEEP] loginctl inhibit active (PID: 393)
[noSLEEP] systemd-inhibit active (PID: 397)
[noSLEEP] loginctl inhibit active (PID: 399)
[noSLEEP] systemd-inhibit active (PID: 403)
[noSLEEP] loginctl inhibit active (PID: 405)
[noSLEEP] systemd-inhibit active (PID: 409)
[noSLEEP] loginctl inhibit active (PID: 411)
[noSLEEP] systemd-inhibit active (PID: 415)
[noSLEEP] loginctl inhibit active (PID: 417)
[noSLEEP] systemd-inhibit active (PID: 421)
[noSLEEP] loginctl inhibit active (PID: 423)
[noSLEEP] systemd-inhibit active (PID: 427)
[noSLEEP] loginctl inhibit active (PID: 429)
[noSLEEP] systemd-inhibit active (PID: 433)
[noSLEEP] loginctl inhibit active (PID: 435)
[noSLEEP] systemd-inhibit active (PID: 439)
[noSLEEP] loginctl inhibit active (PID: 441)
[noSLEEP] systemd-inhibit active (PID: 445)
[noSLEEP] loginctl inhibit active (PID: 447)
[noSLEEP] systemd-inhibit active (PID: 451)
[noSLEEP] loginctl inhibit active (PID: 453)
[noSLEEP] systemd-inhibit active (PID: 457)
[noSLEEP] loginctl inhibit active (PID: 459)
[noSLEEP] systemd-inhibit active (PID: 463)
[noSLEEP] loginctl inhibit active (PID: 465)
[noSLEEP] systemd-inhibit active (PID: 469)
[noSLEEP] loginctl inhibit active (PID: 471)
[noSLEEP] systemd-inhibit active (PID: 475)
[noSLEEP] loginctl inhibit active (PID: 477)
[noSLEEP] systemd-inhibit active (PID: 481)
[noSLEEP] loginctl inhibit active (PID: 483)
[noSLEEP] systemd-inhibit active (PID: 487)
[noSLEEP] loginctl inhibit active (PID: 489)
[noSLEEP] systemd-inhibit active (PID: 493)
[noSLEEP] loginctl inhibit active (PID: 495)
[noSLEEP] systemd-inhibit active (PID: 499)
[noSLEEP] loginctl inhibit active (PID: 501)
[noSLEEP] systemd-inhibit active (PID: 505)
[noSLEEP] loginctl inhibit active (PID: 507)
[noSLEEP] systemd-inhibit active (PID: 511)
[noSLEEP] loginctl inhibit active (PID: 513)
[noSLEEP] systemd-inhibit active (PID: 517)
[noSLEEP] loginctl inhibit active (PID: 519)
[noSLEEP] systemd-inhibit active (PID: 523)
[noSLEEP] loginctl inhibit active (PID: 525)
[noSLEEP] systemd-inhibit active (PID: 529)
[noSLEEP] loginctl inhibit active (PID: 531)
[noSLEEP] systemd-inhibit active (PID: 535)
[noSLEEP] loginctl inhibit active (PID: 537)
[noSLEEP] systemd-inhibit active (PID: 541)
[noSLEEP] loginctl inhibit active (PID: 543)
[noSLEEP] systemd-inhibit active (PID: 547)
[noSLEEP] loginctl inhibit active (PID: 549)
[noSLEEP] systemd-inhibit active (PID: 553)
[noSLEEP] loginctl inhibit active (PID: 555)
[noSLEEP] systemd-inhibit active (PID: 559)
[noSLEEP] loginctl inhibit active (PID: 561)
[noSLEEP] systemd-inhibit active (PID: 565)
[noSLEEP] loginctl inhibit active (PID: 567)
[noSLEEP] systemd-inhibit active (PID: 571)
[noSLEEP] loginctl inhibit active (PID: 573)
[noSLEEP] systemd-inhibit active (PID: 577)
[noSLEEP] loginctl inhibit active (PID: 579)
[noSLEEP] systemd-inhibit active (PID: 583)
[noSLEEP] loginctl inhibit active (PID: 585)
[noSLEEP] systemd-inhibit active (PID: 589)
[noSLEEP] loginctl inhibit active (PID: 591)
[noSLEEP] systemd-inhibit active (PID: 595)
[noSLEEP] loginctl inhibit active (PID: 597)
[noSLEEP] systemd-inhibit active (PID: 601)
[noSLEEP] loginctl inhibit active (PID: 603)
[noSLEEP] systemd-inhibit active (PID: 607)
[noSLEEP] loginctl inhibit active (PID: 609)
[noSLEEP] systemd-inhibit active (PID: 613)
[noSLEEP] loginctl inhibit active (PID: 615)
[noSLEEP] systemd-inhibit active (PID: 619)
[noSLEEP] loginctl inhibit active (PID: 621)
[noSLEEP] systemd-inhibit active (PID: 625)
[noSLEEP] loginctl inhibit active (PID: 627)
[noSLEEP] systemd-inhibit active (PID: 631)
[noSLEEP] loginctl inhibit active (PID: 633)
[noSLEEP] systemd-inhibit active (PID: 637)
[noSLEEP] loginctl inhibit active (PID: 639)
[noSLEEP] systemd-inhibit active (PID: 643)
[noSLEEP] loginctl inhibit active (PID: 645)
[noSLEEP] systemd-inhibit active (PID: 649)
[noSLEEP] loginctl inhibit active (PID: 651)
[noSLEEP] systemd-inhibit active (PID: 655)
[noSLEEP] loginctl inhibit active (PID: 657)
[noSLEEP] systemd-inhibit active (PID: 661)
[noSLEEP] loginctl inhibit active (PID: 663)
[noSLEEP] systemd-inhibit active (PID: 667)
[noSLEEP] loginctl inhibit active (PID: 669)
